F.........FFFF.......FFF............FF...FFFF....FFFFFF.FFFFF.F...FEEEEE [ 38%]
EE..EEEEEEEEEEEEEEEEEEEEEEEE.EEEFFFFFFFFFFFFFFFFFFFFFFFF.FFEFFEEEEEEEEEE [ 77%]
EEEEE......................................                              [100%]
============================== warnings summary ===============================
services\validators.py:19
  C:\Users\srira\Expense_Tracker_Python\services\validators.py:19: PydanticDeprecatedSince20: Pydantic V1 style `@validator` validators are deprecated. You should migrate to Pydantic V2 style `@field_validator` validators, see the migration guide for more details. Deprecated in Pydantic V2.0 to be removed in V3.0. See Pydantic V2 Migration Guide at https://errors.pydantic.dev/2.12/migration/
    @validator('username')

services\validators.py:34
  C:\Users\srira\Expense_Tracker_Python\services\validators.py:34: PydanticDeprecatedSince20: Pydantic V1 style `@validator` validators are deprecated. You should migrate to Pydantic V2 style `@field_validator` validators, see the migration guide for more details. Deprecated in Pydantic V2.0 to be removed in V3.0. See Pydantic V2 Migration Guide at https://errors.pydantic.dev/2.12/migration/
    @validator('username')

services\validators.py:41
  C:\Users\srira\Expense_Tracker_Python\services\validators.py:41: PydanticDeprecatedSince20: Pydantic V1 style `@validator` validators are deprecated. You should migrate to Pydantic V2 style `@field_validator` validators, see the migration guide for more details. Deprecated in Pydantic V2.0 to be removed in V3.0. See Pydantic V2 Migration Guide at https://errors.pydantic.dev/2.12/migration/
    @validator('password')

services\validators.py:54
  C:\Users\srira\Expense_Tracker_Python\services\validators.py:54: PydanticDeprecatedSince20: Pydantic V1 style `@validator` validators are deprecated. You should migrate to Pydantic V2 style `@field_validator` validators, see the migration guide for more details. Deprecated in Pydantic V2.0 to be removed in V3.0. See Pydantic V2 Migration Guide at https://errors.pydantic.dev/2.12/migration/
    @validator('confirm_password')

services\validators.py:72
  C:\Users\srira\Expense_Tracker_Python\services\validators.py:72: PydanticDeprecatedSince20: Pydantic V1 style `@validator` validators are deprecated. You should migrate to Pydantic V2 style `@field_validator` validators, see the migration guide for more details. Deprecated in Pydantic V2.0 to be removed in V3.0. See Pydantic V2 Migration Guide at https://errors.pydantic.dev/2.12/migration/
    @validator('password')

services\validators.py:86
  C:\Users\srira\Expense_Tracker_Python\services\validators.py:86: PydanticDeprecatedSince20: Support for class-based `config` is deprecated, use ConfigDict instead. Deprecated in Pydantic V2.0 to be removed in V3.0. See Pydantic V2 Migration Guide at https://errors.pydantic.dev/2.12/migration/
    class UserResponse(BaseModel):

services\validators.py:115
  C:\Users\srira\Expense_Tracker_Python\services\validators.py:115: PydanticDeprecatedSince20: Pydantic V1 style `@validator` validators are deprecated. You should migrate to Pydantic V2 style `@field_validator` validators, see the migration guide for more details. Deprecated in Pydantic V2.0 to be removed in V3.0. See Pydantic V2 Migration Guide at https://errors.pydantic.dev/2.12/migration/
    @validator('date')

services\validators.py:131
  C:\Users\srira\Expense_Tracker_Python\services\validators.py:131: PydanticDeprecatedSince20: Pydantic V1 style `@validator` validators are deprecated. You should migrate to Pydantic V2 style `@field_validator` validators, see the migration guide for more details. Deprecated in Pydantic V2.0 to be removed in V3.0. See Pydantic V2 Migration Guide at https://errors.pydantic.dev/2.12/migration/
    @validator('date')

services\validators.py:139
  C:\Users\srira\Expense_Tracker_Python\services\validators.py:139: PydanticDeprecatedSince20: Support for class-based `config` is deprecated, use ConfigDict instead. Deprecated in Pydantic V2.0 to be removed in V3.0. See Pydantic V2 Migration Guide at https://errors.pydantic.dev/2.12/migration/
    class ExpenseResponse(BaseModel):

services\validators.py:164
  C:\Users\srira\Expense_Tracker_Python\services\validators.py:164: PydanticDeprecatedSince20: Pydantic V1 style `@validator` validators are deprecated. You should migrate to Pydantic V2 style `@field_validator` validators, see the migration guide for more details. Deprecated in Pydantic V2.0 to be removed in V3.0. See Pydantic V2 Migration Guide at https://errors.pydantic.dev/2.12/migration/
    @validator('date_from', 'date_to')

services\validators.py:171
  C:\Users\srira\Expense_Tracker_Python\services\validators.py:171: PydanticDeprecatedSince20: Pydantic V1 style `@validator` validators are deprecated. You should migrate to Pydantic V2 style `@field_validator` validators, see the migration guide for more details. Deprecated in Pydantic V2.0 to be removed in V3.0. See Pydantic V2 Migration Guide at https://errors.pydantic.dev/2.12/migration/
    @validator('date_to')

services\validators.py:179
  C:\Users\srira\Expense_Tracker_Python\services\validators.py:179: PydanticDeprecatedSince20: Pydantic V1 style `@validator` validators are deprecated. You should migrate to Pydantic V2 style `@field_validator` validators, see the migration guide for more details. Deprecated in Pydantic V2.0 to be removed in V3.0. See Pydantic V2 Migration Guide at https://errors.pydantic.dev/2.12/migration/
    @validator('month')

services\validators.py:215
  C:\Users\srira\Expense_Tracker_Python\services\validators.py:215: PydanticDeprecatedSince20: Pydantic V1 style `@validator` validators are deprecated. You should migrate to Pydantic V2 style `@field_validator` validators, see the migration guide for more details. Deprecated in Pydantic V2.0 to be removed in V3.0. See Pydantic V2 Migration Guide at https://errors.pydantic.dev/2.12/migration/
    @validator('monthly_budget')

services\validators.py:229
  C:\Users\srira\Expense_Tracker_Python\services\validators.py:229: PydanticDeprecatedSince20: Pydantic V1 style `@validator` validators are deprecated. You should migrate to Pydantic V2 style `@field_validator` validators, see the migration guide for more details. Deprecated in Pydantic V2.0 to be removed in V3.0. See Pydantic V2 Migration Guide at https://errors.pydantic.dev/2.12/migration/
    @validator('budget_amount')

services\validators.py:255
  C:\Users\srira\Expense_Tracker_Python\services\validators.py:255: PydanticDeprecatedSince20: Pydantic V1 style `@validator` validators are deprecated. You should migrate to Pydantic V2 style `@field_validator` validators, see the migration guide for more details. Deprecated in Pydantic V2.0 to be removed in V3.0. See Pydantic V2 Migration Guide at https://errors.pydantic.dev/2.12/migration/
    @validator('alert_type')

services\validators.py:262
  C:\Users\srira\Expense_Tracker_Python\services\validators.py:262: PydanticDeprecatedSince20: Pydantic V1 style `@validator` validators are deprecated. You should migrate to Pydantic V2 style `@field_validator` validators, see the migration guide for more details. Deprecated in Pydantic V2.0 to be removed in V3.0. See Pydantic V2 Migration Guide at https://errors.pydantic.dev/2.12/migration/
    @validator('percentage_used')

tests/test_api.py: 15 warnings
  C:\Users\srira\Expense_Tracker_Python\tests\test_api.py:47: DeprecationWarning: datetime.datetime.utcnow() is deprecated and scheduled for removal in a future version. Use timezone-aware objects to represent datetimes in UTC: datetime.datetime.now(datetime.UTC).
    'exp': datetime.utcnow() + timedelta(hours=24)

tests/test_api.py::TestExpenseAPI::test_get_expense_by_id
tests/test_api.py::TestExpenseAPI::test_update_expense_api
tests/test_api.py::TestExpenseAPI::test_delete_expense_api
tests/test_api.py::TestExpenseAPI::test_user_cannot_access_others_expenses
  C:\Users\srira\Expense_Tracker_Python\venv\Lib\site-packages\flask_sqlalchemy\query.py:30: LegacyAPIWarning: The Query.get() method is considered legacy as of the 1.x series of SQLAlchemy and becomes a legacy construct in 2.0. The method is now available as Session.get() (deprecated since: 2.0) (Background on SQLAlchemy 2.0 at: https://sqlalche.me/e/b8d9)
    rv = self.get(ident)

tests/test_api.py::TestExpenseAPI::test_update_expense_api
  C:\Users\srira\Expense_Tracker_Python\tests\test_api.py:189: LegacyAPIWarning: The Query.get() method is considered legacy as of the 1.x series of SQLAlchemy and becomes a legacy construct in 2.0. The method is now available as Session.get() (deprecated since: 2.0) (Background on SQLAlchemy 2.0 at: https://sqlalche.me/e/b8d9)
    updated = Expense.query.get(expense.id)

tests/test_api.py::TestExpenseAPI::test_delete_expense_api
  C:\Users\srira\Expense_Tracker_Python\tests\test_api.py:212: LegacyAPIWarning: The Query.get() method is considered legacy as of the 1.x series of SQLAlchemy and becomes a legacy construct in 2.0. The method is now available as Session.get() (deprecated since: 2.0) (Background on SQLAlchemy 2.0 at: https://sqlalche.me/e/b8d9)
    assert Expense.query.get(expense_id) is None

tests/test_api.py::TestAdminAPI::test_admin_can_access_users
  C:\Users\srira\Expense_Tracker_Python\tests\test_api.py:381: DeprecationWarning: datetime.datetime.utcnow() is deprecated and scheduled for removal in a future version. Use timezone-aware objects to represent datetimes in UTC: datetime.datetime.now(datetime.UTC).
    'exp': datetime.utcnow() + timedelta(hours=24)

tests/test_api.py::TestAdminAPI::test_promote_to_admin
  C:\Users\srira\Expense_Tracker_Python\tests\test_api.py:410: DeprecationWarning: datetime.datetime.utcnow() is deprecated and scheduled for removal in a future version. Use timezone-aware objects to represent datetimes in UTC: datetime.datetime.now(datetime.UTC).
    'exp': datetime.utcnow() + timedelta(hours=24)

tests/test_api.py::TestAdminAPI::test_promote_to_admin
  C:\Users\srira\Expense_Tracker_Python\api.py:851: LegacyAPIWarning: The Query.get() method is considered legacy as of the 1.x series of SQLAlchemy and becomes a legacy construct in 2.0. The method is now available as Session.get() (deprecated since: 2.0) (Background on SQLAlchemy 2.0 at: https://sqlalche.me/e/b8d9)
    user = User.query.get(user_id)

tests/test_api.py::TestAdminAPI::test_promote_to_admin
  C:\Users\srira\Expense_Tracker_Python\tests\test_api.py:423: LegacyAPIWarning: The Query.get() method is considered legacy as of the 1.x series of SQLAlchemy and becomes a legacy construct in 2.0. The method is now available as Session.get() (deprecated since: 2.0) (Background on SQLAlchemy 2.0 at: https://sqlalche.me/e/b8d9)
    promoted = User.query.get(test_user.id)

tests/test_auth.py::TestLogin::test_login_success
tests/test_auth.py::TestLogout::test_logout_clears_session
  C:\Users\srira\Expense_Tracker_Python\routes\auth.py:56: LegacyAPIWarning: The Query.get() method is considered legacy as of the 1.x series of SQLAlchemy and becomes a legacy construct in 2.0. The method is now available as Session.get() (deprecated since: 2.0) (Background on SQLAlchemy 2.0 at: https://sqlalche.me/e/b8d9)
    user = User.query.get(result['user']['id'])

tests/test_auth.py::TestJWTTokens::test_generate_token
  C:\Users\srira\Expense_Tracker_Python\tests\test_auth.py:155: DeprecationWarning: datetime.datetime.utcnow() is deprecated and scheduled for removal in a future version. Use timezone-aware objects to represent datetimes in UTC: datetime.datetime.now(datetime.UTC).
    'exp': datetime.utcnow() + timedelta(hours=24)

tests/test_auth.py::TestJWTTokens::test_token_contains_user_id
  C:\Users\srira\Expense_Tracker_Python\tests\test_auth.py:169: DeprecationWarning: datetime.datetime.utcnow() is deprecated and scheduled for removal in a future version. Use timezone-aware objects to represent datetimes in UTC: datetime.datetime.now(datetime.UTC).
    'exp': datetime.utcnow() + timedelta(hours=24)

tests/test_auth.py::TestJWTTokens::test_token_has_expiration
  C:\Users\srira\Expense_Tracker_Python\tests\test_auth.py:183: DeprecationWarning: datetime.datetime.utcnow() is deprecated and scheduled for removal in a future version. Use timezone-aware objects to represent datetimes in UTC: datetime.datetime.now(datetime.UTC).
    'exp': datetime.utcnow() + timedelta(hours=24)

tests/test_auth.py::TestJWTTokens::test_token_expires_after_24_hours
  C:\Users\srira\Expense_Tracker_Python\tests\test_auth.py:198: DeprecationWarning: datetime.datetime.utcnow() is deprecated and scheduled for removal in a future version. Use timezone-aware objects to represent datetimes in UTC: datetime.datetime.now(datetime.UTC).
    'exp': datetime.utcnow() - timedelta(hours=1)

tests/test_auth.py::TestJWTTokens::test_token_invalid_signature
  C:\Users\srira\Expense_Tracker_Python\tests\test_auth.py:212: DeprecationWarning: datetime.datetime.utcnow() is deprecated and scheduled for removal in a future version. Use timezone-aware objects to represent datetimes in UTC: datetime.datetime.now(datetime.UTC).
    'exp': datetime.utcnow() + timedelta(hours=24)

tests/test_business_logic.py::TestExpenseOperations::test_edit_expense
  C:\Users\srira\Expense_Tracker_Python\tests\test_business_logic.py:433: LegacyAPIWarning: The Query.get() method is considered legacy as of the 1.x series of SQLAlchemy and becomes a legacy construct in 2.0. The method is now available as Session.get() (deprecated since: 2.0) (Background on SQLAlchemy 2.0 at: https://sqlalche.me/e/b8d9)
    updated = Expense.query.get(expense.id)

tests/test_business_logic.py::TestExpenseOperations::test_delete_expense
  C:\Users\srira\Expense_Tracker_Python\tests\test_business_logic.py:453: LegacyAPIWarning: The Query.get() method is considered legacy as of the 1.x series of SQLAlchemy and becomes a legacy construct in 2.0. The method is now available as Session.get() (deprecated since: 2.0) (Background on SQLAlchemy 2.0 at: https://sqlalche.me/e/b8d9)
    assert Expense.query.get(expense_id) is None

tests/test_comprehensive.py: 26 warnings
  C:\Users\srira\Expense_Tracker_Python\venv\Lib\site-packages\flask_limiter\_extension.py:364: UserWarning: Using the in-memory storage for tracking rate limits as no storage was explicitly specified. This is not recommended for production use. See: https://flask-limiter.readthedocs.io#configuring-a-storage-backend for documentation about configuring the storage backend.
    warnings.warn(

tests/test_services.py::TestExpenseService::test_create_expense_valid
tests/test_services.py::TestExpenseService::test_create_expense_invalid_amount
tests/test_services.py::TestIntegration::test_full_expense_workflow
tests/test_services.py::TestIntegration::test_budget_and_expense_workflow
tests/test_services.py::TestIntegration::test_budget_and_expense_workflow
  C:\Users\srira\Expense_Tracker_Python\services\expense_service.py:50: LegacyAPIWarning: The Query.get() method is considered legacy as of the 1.x series of SQLAlchemy and becomes a legacy construct in 2.0. The method is now available as Session.get() (deprecated since: 2.0) (Background on SQLAlchemy 2.0 at: https://sqlalche.me/e/b8d9)
    user = User.query.get(user_id)

tests/test_services.py::TestExpenseService::test_get_expense_valid
tests/test_services.py::TestExpenseService::test_get_expense_unauthorized
  C:\Users\srira\Expense_Tracker_Python\services\expense_service.py:215: LegacyAPIWarning: The Query.get() method is considered legacy as of the 1.x series of SQLAlchemy and becomes a legacy construct in 2.0. The method is now available as Session.get() (deprecated since: 2.0) (Background on SQLAlchemy 2.0 at: https://sqlalche.me/e/b8d9)
    expense = Expense.query.get(expense_id)

tests/test_services.py::TestExpenseService::test_update_expense_valid
tests/test_services.py::TestIntegration::test_full_expense_workflow
  C:\Users\srira\Expense_Tracker_Python\services\expense_service.py:126: LegacyAPIWarning: The Query.get() method is considered legacy as of the 1.x series of SQLAlchemy and becomes a legacy construct in 2.0. The method is now available as Session.get() (deprecated since: 2.0) (Background on SQLAlchemy 2.0 at: https://sqlalche.me/e/b8d9)
    expense = Expense.query.get(expense_id)

tests/test_services.py::TestExpenseService::test_delete_expense_valid
tests/test_services.py::TestIntegration::test_full_expense_workflow
  C:\Users\srira\Expense_Tracker_Python\services\expense_service.py:189: LegacyAPIWarning: The Query.get() method is considered legacy as of the 1.x series of SQLAlchemy and becomes a legacy construct in 2.0. The method is now available as Session.get() (deprecated since: 2.0) (Background on SQLAlchemy 2.0 at: https://sqlalche.me/e/b8d9)
    expense = Expense.query.get(expense_id)

tests/test_services.py::TestExpenseService::test_delete_expense_valid
  C:\Users\srira\Expense_Tracker_Python\tests\test_services.py:287: LegacyAPIWarning: The Query.get() method is considered legacy as of the 1.x series of SQLAlchemy and becomes a legacy construct in 2.0. The method is now available as Session.get() (deprecated since: 2.0) (Background on SQLAlchemy 2.0 at: https://sqlalche.me/e/b8d9)
    assert Expense.query.get(expense.id) is None

tests/test_services.py::TestBudgetService::test_set_budget_valid
tests/test_services.py::TestBudgetService::test_set_budget_negative
tests/test_services.py::TestBudgetService::test_check_budget_exceeds_threshold
tests/test_services.py::TestBudgetService::test_create_budget_alert_danger
tests/test_services.py::TestIntegration::test_budget_and_expense_workflow
  C:\Users\srira\Expense_Tracker_Python\services\budget_service.py:41: LegacyAPIWarning: The Query.get() method is considered legacy as of the 1.x series of SQLAlchemy and becomes a legacy construct in 2.0. The method is now available as Session.get() (deprecated since: 2.0) (Background on SQLAlchemy 2.0 at: https://sqlalche.me/e/b8d9)
    user = User.query.get(user_id)

tests/test_services.py::TestBudgetService::test_get_budget_no_set
tests/test_services.py::TestBudgetService::test_get_budget_with_spending
tests/test_services.py::TestBudgetService::test_check_budget_exceeds_threshold
tests/test_services.py::TestBudgetService::test_get_budget_status_ok
tests/test_services.py::TestBudgetService::test_create_budget_alert_danger
tests/test_services.py::TestIntegration::test_budget_and_expense_workflow
tests/test_services.py::TestIntegration::test_budget_and_expense_workflow
  C:\Users\srira\Expense_Tracker_Python\services\budget_service.py:107: LegacyAPIWarning: The Query.get() method is considered legacy as of the 1.x series of SQLAlchemy and becomes a legacy construct in 2.0. The method is now available as Session.get() (deprecated since: 2.0) (Background on SQLAlchemy 2.0 at: https://sqlalche.me/e/b8d9)
    user = User.query.get(user_id)

-- Docs: https://docs.pytest.org/en/stable/how-to/capture-warnings.html
=========================== short test summary info ===========================
FAILED tests/test_api.py::TestAuthAPI::test_api_register_success - sqlalchemy...
FAILED tests/test_api.py::TestAlertAPI::test_get_alerts - sqlalchemy.exc.Inte...
FAILED tests/test_api.py::TestAlertAPI::test_dismiss_alert - sqlalchemy.exc.I...
FAILED tests/test_api.py::TestAnalyticsAPI::test_analytics_trends - Assertion...
FAILED tests/test_api.py::TestAnalyticsAPI::test_analytics_categories - Asser...
FAILED tests/test_auth.py::TestRegistration::test_register_new_user - assert ...
FAILED tests/test_auth.py::TestRegistration::test_register_duplicate_username
FAILED tests/test_auth.py::TestRegistration::test_password_is_hashed - Attrib...
FAILED tests/test_auth.py::TestLogout::test_protected_route_after_logout - At...
FAILED tests/test_auth.py::TestPasswordSecurity::test_password_hashed_not_stored_plain
FAILED tests/test_auth.py::TestAuthorizationDecorators::test_regular_user_cannot_access_admin
FAILED tests/test_auth.py::TestAuthorizationDecorators::test_admin_user_can_access_admin
FAILED tests/test_basic.py::test_login_page - AttributeError: 'RateLimitExcee...
FAILED tests/test_basic.py::test_register_page - AttributeError: 'RateLimitEx...
FAILED tests/test_business_logic.py::TestMonthlyCalculations::test_calculate_month_total_float_amounts
FAILED tests/test_business_logic.py::TestBudgetLogic::test_get_monthly_budget_default
FAILED tests/test_business_logic.py::TestBudgetLogic::test_get_monthly_budget_custom
FAILED tests/test_business_logic.py::TestBudgetLogic::test_get_setting - Attr...
FAILED tests/test_business_logic.py::TestAlertSystem::test_alert_created_when_exceeds_budget
FAILED tests/test_business_logic.py::TestAlertSystem::test_warning_alert_at_80_percent
FAILED tests/test_business_logic.py::TestAlertSystem::test_duplicate_alert_prevention
FAILED tests/test_business_logic.py::TestAlertSystem::test_alert_tracks_triggered_month
FAILED tests/test_business_logic.py::TestAnalytics::test_monthly_trends_empty
FAILED tests/test_business_logic.py::TestAnalytics::test_monthly_trends_with_expenses
FAILED tests/test_business_logic.py::TestAnalytics::test_category_breakdown
FAILED tests/test_business_logic.py::TestAnalytics::test_highest_spending_categories
FAILED tests/test_business_logic.py::TestExpenseOperations::test_user_only_sees_own_expenses
FAILED tests/test_comprehensive.py::TestAuthentication::test_login_page_loads
FAILED tests/test_comprehensive.py::TestAuthentication::test_register_page_loads
FAILED tests/test_comprehensive.py::TestAuthentication::test_register_user_success
FAILED tests/test_comprehensive.py::TestAuthentication::test_register_short_password
FAILED tests/test_comprehensive.py::TestAuthentication::test_register_password_mismatch
FAILED tests/test_comprehensive.py::TestAuthentication::test_register_duplicate_username
FAILED tests/test_comprehensive.py::TestAuthentication::test_login_success - ...
FAILED tests/test_comprehensive.py::TestAuthentication::test_login_wrong_password
FAILED tests/test_comprehensive.py::TestAuthentication::test_logout - assert ...
FAILED tests/test_comprehensive.py::TestDashboard::test_dashboard_redirect_to_login
FAILED tests/test_comprehensive.py::TestDashboard::test_dashboard_authenticated
FAILED tests/test_comprehensive.py::TestDashboard::test_add_expense_page - as...
FAILED tests/test_comprehensive.py::TestDashboard::test_add_expense_success
FAILED tests/test_comprehensive.py::TestDashboard::test_add_expense_invalid_amount
FAILED tests/test_comprehensive.py::TestDashboard::test_add_expense_negative_amount
FAILED tests/test_comprehensive.py::TestDashboard::test_add_expense_missing_fields
FAILED tests/test_comprehensive.py::TestDashboard::test_edit_expense - assert...
FAILED tests/test_comprehensive.py::TestDashboard::test_delete_expense - asse...
FAILED tests/test_comprehensive.py::TestDashboard::test_delete_other_users_expense_fails
FAILED tests/test_comprehensive.py::TestDashboard::test_export_csv - assert 3...
FAILED tests/test_comprehensive.py::TestSettings::test_settings_page - assert...
FAILED tests/test_comprehensive.py::TestSettings::test_update_budget - assert...
FAILED tests/test_comprehensive.py::TestAnalytics::test_analytics_page - asse...
FAILED tests/test_comprehensive.py::TestAnalytics::test_analytics_api_trends
FAILED tests/test_comprehensive.py::TestErrorHandling::test_edit_nonexistent_expense
FAILED tests/test_models.py::TestUserModel::test_create_user - sqlalchemy.exc...
FAILED tests/test_models.py::TestUserModel::test_user_is_admin - sqlalchemy.e...
FAILED tests/test_models.py::TestUserModel::test_user_created_at_timestamp - ...
ERROR tests/test_complete_suite.py::TestUserModel::test_user_creation
ERROR tests/test_complete_suite.py::TestUserModel::test_admin_user
ERROR tests/test_complete_suite.py::TestUserModel::test_password_hashing
ERROR tests/test_complete_suite.py::TestUserModel::test_user_repr
ERROR tests/test_complete_suite.py::TestExpenseModel::test_expense_creation
ERROR tests/test_complete_suite.py::TestExpenseModel::test_expense_with_description
ERROR tests/test_complete_suite.py::TestUtilsFunctions::test_get_and_set_setting
ERROR tests/test_complete_suite.py::TestUtilsFunctions::test_calculate_today_total
ERROR tests/test_complete_suite.py::TestUtilsFunctions::test_calculate_month_total
ERROR tests/test_complete_suite.py::TestUtilsFunctions::test_get_monthly_budget_no_budget
ERROR tests/test_complete_suite.py::TestUtilsFunctions::test_get_monthly_budget_within_limit
ERROR tests/test_complete_suite.py::TestUtilsFunctions::test_get_monthly_budget_exceeded
ERROR tests/test_complete_suite.py::TestUtilsFunctions::test_calculate_category_spending
ERROR tests/test_complete_suite.py::TestUtilsFunctions::test_check_budget_and_create_alerts_no_budget
ERROR tests/test_complete_suite.py::TestUtilsFunctions::test_check_budget_and_create_alerts_exceeded
ERROR tests/test_complete_suite.py::TestUtilsFunctions::test_check_budget_and_create_alerts_warning
ERROR tests/test_complete_suite.py::TestUtilsFunctions::test_get_active_alerts
ERROR tests/test_complete_suite.py::TestUtilsFunctions::test_get_month_comparison_same_spending
ERROR tests/test_complete_suite.py::TestSettingModel::test_setting_creation
ERROR tests/test_complete_suite.py::TestAlertModel::test_alert_creation
ERROR tests/test_complete_suite.py::TestAlertModel::test_alert_severity_levels
ERROR tests/test_complete_suite.py::TestAuthentication::test_password_verification
ERROR tests/test_complete_suite.py::TestAuthentication::test_user_role_functionality
ERROR tests/test_complete_suite.py::TestBusinessLogic::test_multiple_expenses_same_day
ERROR tests/test_complete_suite.py::TestBusinessLogic::test_expenses_across_months
ERROR tests/test_complete_suite.py::TestBusinessLogic::test_budget_threshold_scenarios
ERROR tests/test_complete_suite.py::TestDataIntegrity::test_user_unique_username
ERROR tests/test_complete_suite.py::TestDataIntegrity::test_user_unique_email
ERROR tests/test_complete_suite.py::TestDataIntegrity::test_expense_user_relationship
ERROR tests/test_complete_suite.py::TestEdgeCases::test_zero_amount_expense
ERROR tests/test_complete_suite.py::TestEdgeCases::test_large_amount_expense
ERROR tests/test_complete_suite.py::TestEdgeCases::test_invalid_setting_value
ERROR tests/test_complete_suite.py::TestIntegration::test_complete_user_workflow
ERROR tests/test_complete_suite.py::TestIntegration::test_category_spending_workflow
ERROR tests/test_models.py::TestUserModel::test_user_default_role - sqlalchem...
ERROR tests/test_models.py::TestUserModel::test_user_unique_username - sqlalc...
ERROR tests/test_models.py::TestUserModel::test_user_cascade_delete_expenses
ERROR tests/test_models.py::TestUserModel::test_user_cascade_delete_alerts - ...
ERROR tests/test_models.py::TestExpenseModel::test_create_expense - sqlalchem...
ERROR tests/test_models.py::TestExpenseModel::test_expense_belongs_to_user - ...
ERROR tests/test_models.py::TestExpenseModel::test_expense_requires_amount - ...
ERROR tests/test_models.py::TestExpenseModel::test_multiple_expenses_for_user
ERROR tests/test_models.py::TestAlertModel::test_create_alert - sqlalchemy.ex...
ERROR tests/test_models.py::TestAlertModel::test_alert_triggered_month - sqla...
ERROR tests/test_models.py::TestAlertModel::test_alert_default_is_sent_false
ERROR tests/test_models.py::TestAlertModel::test_alert_created_at_timestamp
ERROR tests/test_models.py::TestSettingModel::test_create_setting - sqlalchem...
ERROR tests/test_models.py::TestSettingModel::test_get_setting_by_key - sqlal...
ERROR tests/test_models.py::TestRelationships::test_user_has_many_expenses - ...
ERROR tests/test_models.py::TestRelationships::test_user_has_many_alerts - sq...
55 failed, 82 passed, 100 warnings, 50 errors in 62.26s (0:01:02)
